[shawon276.github.io/lendino12390/index.html]
[backblue.gif]
[fade.gif]
[index.html]
[shawon276.github.io/lendino12390/css/font-awesome.min.css]
[shawon276.github.io/lendino12390/css/style.css]
[shawon276.github.io/lendino12390/image/logo.svg]
[shawon276.github.io/lendino12390/image/image.jpg]
[shawon276.github.io/lendino12390/image/last.png]
[shawon276.github.io/lendino12390/index.html]
[shawon276.github.io/lendino12390/fonts/fontawesome-webfont3e6e.woff2]
[shawon276.github.io/lendino12390/fonts/fontawesome-webfont3e6e.woff]
[shawon276.github.io/lendino12390/fonts/fontawesome-webfont3e6e.eot]
[shawon276.github.io/lendino12390/fonts/fontawesome-webfont3e6e.ttf]
[shawon276.github.io/lendino12390/css/font-awesome.min.css]
[shawon276.github.io/lendino12390/css/style.css]
[shawon276.github.io/lendino12390/image/logo.svg]
[shawon276.github.io/lendino12390/fonts/fontawesome-webfontd41d.eot]
[shawon276.github.io/lendino12390/fonts/fontawesome-webfont3e6e.svg]
[shawon276.github.io/lendino12390/fonts/fontawesome-webfont3e6e.svg]
